[preview.colorlib.com/theme/travello/index.html]
[backblue.gif]
[fade.gif]
[index.html]
[preview.colorlib.com/theme/travello/styles/bootstrap4/bootstrap.min.css]
[preview.colorlib.com/theme/travello/plugins/font-awesome-4.7.0/css/font-awesome.min.css]
[preview.colorlib.com/theme/travello/plugins/OwlCarousel2-2.2.1/owl.carousel.css]
[preview.colorlib.com/theme/travello/plugins/OwlCarousel2-2.2.1/owl.theme.default.css]
[preview.colorlib.com/theme/travello/plugins/OwlCarousel2-2.2.1/animate.css]
[preview.colorlib.com/theme/travello/styles/main_styles.css]
[preview.colorlib.com/theme/travello/styles/responsive.css]
[preview.colorlib.com/theme/travello/index-2.html]
[preview.colorlib.com/theme/travello/about.html]
[preview.colorlib.com/theme/travello/news.html]
[preview.colorlib.com/theme/travello/contact.html]
[preview.colorlib.com/theme/travello/inex.html]
[preview.colorlib.com/theme/travello/images/home_slider.jpg]
[preview.colorlib.com/theme/travello/images/intro.png]
[preview.colorlib.com/theme/travello/images/beach.svg]
[preview.colorlib.com/theme/travello/images/wallet.svg]
[preview.colorlib.com/theme/travello/images/suitcase.svg]
[preview.colorlib.com/theme/travello/images/destination_1.jpg]
[preview.colorlib.com/theme/travello/destinations.html]
[preview.colorlib.com/theme/travello/images/destination_2.jpg]
[preview.colorlib.com/theme/travello/images/destination_3.jpg]
[preview.colorlib.com/theme/travello/images/destination_4.jpg]
[preview.colorlib.com/theme/travello/images/destination_5.jpg]
[preview.colorlib.com/theme/travello/images/destination_6.jpg]
[preview.colorlib.com/theme/travello/images/news_1.jpg]
[preview.colorlib.com/theme/travello/images/news_2.jpg]
[preview.colorlib.com/theme/travello/images/news_3.jpg]
[preview.colorlib.com/theme/travello/images/travello.jpg]
[preview.colorlib.com/theme/travello/images/sign.svg]
[preview.colorlib.com/theme/travello/images/trekking.svg]
[preview.colorlib.com/theme/travello/images/around.svg]
[preview.colorlib.com/cdn-cgi/scripts/5c5dd728/cloudflare-static/email-decode.min.js]
[preview.colorlib.com/theme/travello/js/jquery-3.2.1.min.js]
[preview.colorlib.com/theme/travello/styles/bootstrap4/popper.js]
[preview.colorlib.com/theme/travello/styles/bootstrap4/bootstrap.min.js]
[preview.colorlib.com/theme/travello/plugins/OwlCarousel2-2.2.1/owl.carousel.js]
[preview.colorlib.com/theme/travello/plugins/Isotope/isotope.pkgd.min.js]
[preview.colorlib.com/theme/travello/plugins/scrollTo/jquery.scrollTo.min.js]
[preview.colorlib.com/theme/travello/plugins/easing/easing.js]
[preview.colorlib.com/theme/travello/plugins/parallax-js-master/parallax.min.js]
[preview.colorlib.com/theme/travello/js/custom.js]
[preview.colorlib.com/theme/travello/index.html]
[preview.colorlib.com/theme/travello/styles/bootstrap4/bootstrap.min.css]
[preview.colorlib.com/theme/travello/plugins/font-awesome-4.7.0/fonts/fontawesome-webfont3e6e.eot]
[preview.colorlib.com/theme/travello/plugins/font-awesome-4.7.0/fonts/fontawesome-webfont3e6e.woff2]
[preview.colorlib.com/theme/travello/plugins/font-awesome-4.7.0/fonts/fontawesome-webfontd41d.eot]
[preview.colorlib.com/theme/travello/plugins/font-awesome-4.7.0/fonts/fontawesome-webfont3e6e.woff]
[preview.colorlib.com/theme/travello/plugins/font-awesome-4.7.0/fonts/fontawesome-webfont3e6e.ttf]
[preview.colorlib.com/theme/travello/plugins/font-awesome-4.7.0/css/font-awesome.min.css]
[preview.colorlib.com/theme/travello/plugins/OwlCarousel2-2.2.1/owl.video.play.png]
[preview.colorlib.com/theme/travello/plugins/OwlCarousel2-2.2.1/owl.carousel.css]
[preview.colorlib.com/theme/travello/plugins/OwlCarousel2-2.2.1/owl.theme.default.css]
[preview.colorlib.com/theme/travello/plugins/OwlCarousel2-2.2.1/animate.css]
[preview.colorlib.com/theme/travello/styles/main_styles.css]
[preview.colorlib.com/theme/travello/styles/responsive.css]
[preview.colorlib.com/cdn-cgi/zaraz/sd0d9.js]
[preview.colorlib.com/theme/travello/index-2.html]
[preview.colorlib.com/theme/travello/styles/about.css]
[preview.colorlib.com/theme/travello/plugins/font-awesome-4.7.0/fonts/fontawesome-webfont3e6e.svg]
[preview.colorlib.com/theme/travello/styles/about_responsive.css]
[preview.colorlib.com/theme/travello/images/about.jpg]
[preview.colorlib.com/theme/travello/images/about_1.jpg]
[preview.colorlib.com/theme/travello/images/mountain.svg]
[preview.colorlib.com/theme/travello/images/island.svg]
[preview.colorlib.com/theme/travello/images/camera.svg]
[preview.colorlib.com/theme/travello/images/boat.svg]
[preview.colorlib.com/theme/travello/images/why_1.jpg]
[preview.colorlib.com/theme/travello/images/why_1.svg]
[preview.colorlib.com/theme/travello/images/why_2.jpg]
[preview.colorlib.com/theme/travello/images/why_2.svg]
[preview.colorlib.com/theme/travello/images/why_3.jpg]
[preview.colorlib.com/theme/travello/images/why_3.svg]
[preview.colorlib.com/theme/travello/images/team_1.jpg]
[preview.colorlib.com/theme/travello/images/team_2.jpg]
[preview.colorlib.com/theme/travello/images/team_3.jpg]
[preview.colorlib.com/theme/travello/images/team_4.jpg]
[preview.colorlib.com/theme/travello/plugins/greensock/TweenMax.min.js]
[preview.colorlib.com/theme/travello/plugins/greensock/TimelineMax.min.js]
[preview.colorlib.com/theme/travello/plugins/scrollmagic/ScrollMagic.min.js]
[preview.colorlib.com/theme/travello/plugins/greensock/animation.gsap.min.js]
[preview.colorlib.com/theme/travello/plugins/greensock/ScrollToPlugin.min.js]
[preview.colorlib.com/theme/travello/js/about.js]
[preview.colorlib.com/theme/travello/about.html]
[preview.colorlib.com/theme/travello/styles/news.css]
[preview.colorlib.com/theme/travello/styles/news_responsive.css]
[preview.colorlib.com/theme/travello/images/news.jpg]
[preview.colorlib.com/theme/travello/images/news_4.jpg]
[preview.colorlib.com/theme/travello/images/news_5.jpg]
[preview.colorlib.com/theme/travello/images/news_6.jpg]
[preview.colorlib.com/theme/travello/images/latest_1.jpg]
[preview.colorlib.com/theme/travello/images/latest_2.jpg]
[preview.colorlib.com/theme/travello/images/latest_3.jpg]
[preview.colorlib.com/theme/travello/js/news.js]
[preview.colorlib.com/theme/travello/news.html]
[preview.colorlib.com/theme/travello/styles/contact.css]
[preview.colorlib.com/theme/travello/styles/contact_responsive.css]
[preview.colorlib.com/theme/travello/images/contact.jpg]
[preview.colorlib.com/theme/travello/js/contact.js]
[preview.colorlib.com/theme/travello/contact.html]
[preview.colorlib.com/theme/travello/inex.html]
[preview.colorlib.com/theme/travello/images/beach.svg]
[preview.colorlib.com/theme/travello/images/wallet.svg]
[preview.colorlib.com/theme/travello/images/suitcase.svg]
[preview.colorlib.com/theme/travello/styles/destinations.css]
[preview.colorlib.com/theme/travello/styles/destinations_responsive.css]
[preview.colorlib.com/theme/travello/images/destinations.jpg]
[preview.colorlib.com/theme/travello/images/destination_7.jpg]
[preview.colorlib.com/theme/travello/images/destination_8.jpg]
[preview.colorlib.com/theme/travello/images/destination_9.jpg]
[preview.colorlib.com/theme/travello/js/destinations.js]
[preview.colorlib.com/theme/travello/destinations.html]
[preview.colorlib.com/theme/travello/images/sign.svg]
[preview.colorlib.com/theme/travello/images/trekking.svg]
[preview.colorlib.com/theme/travello/images/around.svg]
[preview.colorlib.com/theme/travello/plugins/font-awesome-4.7.0/fonts/fontawesome-webfont3e6e.svg]
[preview.colorlib.com/theme/travello/styles/about.css]
[preview.colorlib.com/theme/travello/styles/about_responsive.css]
[preview.colorlib.com/theme/travello/images/mountain.svg]
[preview.colorlib.com/theme/travello/images/island.svg]
[preview.colorlib.com/theme/travello/images/camera.svg]
[preview.colorlib.com/theme/travello/images/boat.svg]
[preview.colorlib.com/theme/travello/images/why_1.svg]
[preview.colorlib.com/theme/travello/images/why_2.svg]
[preview.colorlib.com/theme/travello/images/why_3.svg]
[preview.colorlib.com/theme/travello/styles/news.css]
[preview.colorlib.com/theme/travello/styles/news_responsive.css]
[preview.colorlib.com/theme/travello/styles/contact.css]
[preview.colorlib.com/theme/travello/styles/contact_responsive.css]
[preview.colorlib.com/theme/travello/styles/destinations.css]
[preview.colorlib.com/theme/travello/styles/destinations_responsive.css]
